2025-03-19 12:55:22,985 - GTools - INFO - Logging initialized for GTools
2025-03-19 12:55:22,985 - GTools - INFO - Log file: C:\Users\gmorin\.nuke\GTools_p3\logs\gtools_20250319_125522.log
2025-03-19 12:55:22,986 - GTools - INFO - Initializing GTools package
2025-03-19 12:55:22,986 - GTools - INFO - Running in Nuke: True
2025-03-19 12:55:22,986 - GTools - INFO - GTools root directory: C:\Users\gmorin\.nuke\GTools_p3
2025-03-19 12:55:22,988 - GTools.menu - INFO - Logging initialized for GTools.menu
2025-03-19 12:55:22,988 - GTools.menu - INFO - Log file: C:\Users\gmorin\.nuke\GTools_p3\logs\gtools.menu_20250319_125522.log
2025-03-19 12:55:22,995 - GTools.menu - INFO - Loading GTools menu integration
2025-03-19 12:55:23,000 - GTools.menu - INFO - Successfully registered panel with ID: com.gmorin.gtools.shelf
2025-03-19 12:55:23,004 - GTools.menu - WARNING - Failed to register custom nodes: cannot import name 'register_nodes' from 'src.nodes' (unknown location)
2025-03-19 12:55:23,005 - GTools.menu - INFO - GTools menu integration completed
2025-03-19 12:55:42,104 - GTools.Tool - INFO - Logging initialized for GTools.Tool
2025-03-19 12:55:42,106 - GTools.Tool - INFO - Log file: C:\Users\gmorin\.nuke\GTools_p3\logs\gtools.tool_20250319_125542.log
2025-03-19 12:55:42,108 - GTools.ToolLibrary - INFO - Logging initialized for GTools.ToolLibrary
2025-03-19 12:55:42,109 - GTools.ToolLibrary - INFO - Log file: C:\Users\gmorin\.nuke\GTools_p3\logs\gtools.toollibrary_20250319_125542.log
2025-03-19 12:55:42,115 - GTools.FileStorage - DEBUG - Tool library path: C:\Users\gmorin\.nuke\GTools_p3\tool_library.json
2025-03-19 12:55:42,116 - GTools.FileStorage - DEBUG - Created directory: C:\Users\gmorin\.nuke\GTools_p3
2025-03-19 12:55:42,117 - GTools.FileStorage - INFO - Tool library file not found: C:\Users\gmorin\.nuke\GTools_p3\tool_library.json
2025-03-19 12:55:42,125 - GTools.ToolLibrary - INFO - Library loaded with 0 tools and 0 toolsets
2025-03-19 12:55:42,126 - GTools.ToolLibrary - WARNING - No tools found in library - will populate with defaults
2025-03-19 12:55:42,127 - GTools.ToolLibrary - WARNING - POPULATING DEFAULT TOOLS - LIBRARY WAS EMPTY
2025-03-19 12:55:42,128 - GTools.ToolLibrary - INFO - Creating toolset: Default (ID: f7dfab93-c1e1-4e19-b481-66cd03a1c7ae)
2025-03-19 12:55:42,129 - GTools.FileStorage - DEBUG - Saving tool library
2025-03-19 12:55:42,131 - GTools.FileStorage - DEBUG - Tool library saved to: C:\Users\gmorin\.nuke\GTools_p3\tool_library.json
2025-03-19 12:55:42,132 - GTools.ToolLibrary - INFO - Creating toolset: File (ID: ca221c02-15bd-4ee6-95cc-d08364baa3d3)
2025-03-19 12:55:42,133 - GTools.FileStorage - DEBUG - Saving tool library
2025-03-19 12:55:42,134 - GTools.FileStorage - DEBUG - Tool library saved to: C:\Users\gmorin\.nuke\GTools_p3\tool_library.json
2025-03-19 12:55:42,135 - GTools.ToolLibrary - INFO - Creating toolset: Node (ID: 9f25d7c6-c7a3-4aa7-8637-101d842c7a40)
2025-03-19 12:55:42,136 - GTools.FileStorage - DEBUG - Saving tool library
2025-03-19 12:55:42,138 - GTools.FileStorage - DEBUG - Tool library saved to: C:\Users\gmorin\.nuke\GTools_p3\tool_library.json
2025-03-19 12:55:42,139 - GTools.ToolLibrary - INFO - Created default toolsets: {'Default': 'f7dfab93-c1e1-4e19-b481-66cd03a1c7ae', 'File': 'ca221c02-15bd-4ee6-95cc-d08364baa3d3', 'Node': '9f25d7c6-c7a3-4aa7-8637-101d842c7a40'}
2025-03-19 12:55:42,141 - GTools.Tool - DEBUG - Created Tool: Open Script Directory (ID: b498a2f2-415d-4ca8-999e-e0ba2ae3c8ae, module: src.functions.file_ops, function: open_current_nuke_script_dir)
2025-03-19 12:55:42,142 - GTools.ToolLibrary - INFO - Adding tool to library: Open Script Directory (ID: b498a2f2-415d-4ca8-999e-e0ba2ae3c8ae)
2025-03-19 12:55:42,143 - GTools.FileStorage - DEBUG - Saving tool library
2025-03-19 12:55:42,145 - GTools.FileStorage - DEBUG - Tool library saved to: C:\Users\gmorin\.nuke\GTools_p3\tool_library.json
2025-03-19 12:55:42,146 - GTools.ToolLibrary - INFO - Adding tool b498a2f2-415d-4ca8-999e-e0ba2ae3c8ae to toolset ca221c02-15bd-4ee6-95cc-d08364baa3d3
2025-03-19 12:55:42,147 - GTools.ToolLibrary - INFO - Added tool b498a2f2-415d-4ca8-999e-e0ba2ae3c8ae to toolset File
2025-03-19 12:55:42,148 - GTools.FileStorage - DEBUG - Saving tool library
2025-03-19 12:55:42,150 - GTools.FileStorage - DEBUG - Tool library saved to: C:\Users\gmorin\.nuke\GTools_p3\tool_library.json
2025-03-19 12:55:42,151 - GTools.Tool - DEBUG - Created Tool: Align X (ID: 8d5092b2-9127-4b16-9531-040f25299f1f, module: src.functions.node_arrangement, function: align_x_pos)
2025-03-19 12:55:42,152 - GTools.ToolLibrary - INFO - Adding tool to library: Align X (ID: 8d5092b2-9127-4b16-9531-040f25299f1f)
2025-03-19 12:55:42,153 - GTools.FileStorage - DEBUG - Saving tool library
2025-03-19 12:55:42,154 - GTools.FileStorage - DEBUG - Tool library saved to: C:\Users\gmorin\.nuke\GTools_p3\tool_library.json
2025-03-19 12:55:42,157 - GTools.ToolLibrary - INFO - Adding tool 8d5092b2-9127-4b16-9531-040f25299f1f to toolset f7dfab93-c1e1-4e19-b481-66cd03a1c7ae
2025-03-19 12:55:42,158 - GTools.ToolLibrary - INFO - Added tool 8d5092b2-9127-4b16-9531-040f25299f1f to toolset Default
2025-03-19 12:55:42,159 - GTools.FileStorage - DEBUG - Saving tool library
2025-03-19 12:55:42,161 - GTools.FileStorage - DEBUG - Tool library saved to: C:\Users\gmorin\.nuke\GTools_p3\tool_library.json
2025-03-19 12:55:42,162 - GTools.Tool - DEBUG - Created Tool: Align Y (ID: d869f701-0a60-40c1-b02b-3a48e5b2688f, module: src.functions.node_arrangement, function: align_y_pos)
2025-03-19 12:55:42,163 - GTools.ToolLibrary - INFO - Adding tool to library: Align Y (ID: d869f701-0a60-40c1-b02b-3a48e5b2688f)
2025-03-19 12:55:42,164 - GTools.FileStorage - DEBUG - Saving tool library
2025-03-19 12:55:42,166 - GTools.FileStorage - DEBUG - Tool library saved to: C:\Users\gmorin\.nuke\GTools_p3\tool_library.json
2025-03-19 12:55:42,167 - GTools.ToolLibrary - INFO - Adding tool d869f701-0a60-40c1-b02b-3a48e5b2688f to toolset f7dfab93-c1e1-4e19-b481-66cd03a1c7ae
2025-03-19 12:55:42,168 - GTools.ToolLibrary - INFO - Added tool d869f701-0a60-40c1-b02b-3a48e5b2688f to toolset Default
2025-03-19 12:55:42,168 - GTools.FileStorage - DEBUG - Saving tool library
2025-03-19 12:55:42,170 - GTools.FileStorage - DEBUG - Tool library saved to: C:\Users\gmorin\.nuke\GTools_p3\tool_library.json
2025-03-19 12:55:42,173 - GTools.Tool - DEBUG - Created Tool: Enable Postage Stamp (ID: a817bd25-bea1-4463-add9-a77caed5a243, module: src.functions.node_arrangement, function: enable_postage_stamp)
2025-03-19 12:55:42,174 - GTools.ToolLibrary - INFO - Adding tool to library: Enable Postage Stamp (ID: a817bd25-bea1-4463-add9-a77caed5a243)
2025-03-19 12:55:42,174 - GTools.FileStorage - DEBUG - Saving tool library
2025-03-19 12:55:42,176 - GTools.FileStorage - DEBUG - Tool library saved to: C:\Users\gmorin\.nuke\GTools_p3\tool_library.json
2025-03-19 12:55:42,177 - GTools.ToolLibrary - INFO - Adding tool a817bd25-bea1-4463-add9-a77caed5a243 to toolset f7dfab93-c1e1-4e19-b481-66cd03a1c7ae
2025-03-19 12:55:42,178 - GTools.ToolLibrary - INFO - Added tool a817bd25-bea1-4463-add9-a77caed5a243 to toolset Default
2025-03-19 12:55:42,179 - GTools.FileStorage - DEBUG - Saving tool library
2025-03-19 12:55:42,181 - GTools.FileStorage - DEBUG - Tool library saved to: C:\Users\gmorin\.nuke\GTools_p3\tool_library.json
2025-03-19 12:55:42,182 - GTools.Tool - DEBUG - Created Tool: Disable Postage Stamp (ID: e9df55e4-0de3-4bcf-8aa1-f84b984412e2, module: src.functions.node_arrangement, function: disable_postage_stamp)
2025-03-19 12:55:42,183 - GTools.ToolLibrary - INFO - Adding tool to library: Disable Postage Stamp (ID: e9df55e4-0de3-4bcf-8aa1-f84b984412e2)
2025-03-19 12:55:42,183 - GTools.FileStorage - DEBUG - Saving tool library
2025-03-19 12:55:42,185 - GTools.FileStorage - DEBUG - Tool library saved to: C:\Users\gmorin\.nuke\GTools_p3\tool_library.json
2025-03-19 12:55:42,187 - GTools.ToolLibrary - INFO - Adding tool e9df55e4-0de3-4bcf-8aa1-f84b984412e2 to toolset f7dfab93-c1e1-4e19-b481-66cd03a1c7ae
2025-03-19 12:55:42,188 - GTools.ToolLibrary - INFO - Added tool e9df55e4-0de3-4bcf-8aa1-f84b984412e2 to toolset Default
2025-03-19 12:55:42,189 - GTools.FileStorage - DEBUG - Saving tool library
2025-03-19 12:55:42,191 - GTools.FileStorage - DEBUG - Tool library saved to: C:\Users\gmorin\.nuke\GTools_p3\tool_library.json
2025-03-19 12:55:42,192 - GTools.Tool - DEBUG - Created Tool: Split Frequencies (ID: 79eb38ae-7436-4881-82af-0a9c211d8b30, module: src.functions.channel_utils, function: split_frequencies_from_selected_node)
2025-03-19 12:55:42,193 - GTools.ToolLibrary - INFO - Adding tool to library: Split Frequencies (ID: 79eb38ae-7436-4881-82af-0a9c211d8b30)
2025-03-19 12:55:42,194 - GTools.FileStorage - DEBUG - Saving tool library
2025-03-19 12:55:42,196 - GTools.FileStorage - DEBUG - Tool library saved to: C:\Users\gmorin\.nuke\GTools_p3\tool_library.json
2025-03-19 12:55:42,197 - GTools.ToolLibrary - INFO - Adding tool 79eb38ae-7436-4881-82af-0a9c211d8b30 to toolset f7dfab93-c1e1-4e19-b481-66cd03a1c7ae
2025-03-19 12:55:42,198 - GTools.ToolLibrary - INFO - Added tool 79eb38ae-7436-4881-82af-0a9c211d8b30 to toolset Default
2025-03-19 12:55:42,199 - GTools.FileStorage - DEBUG - Saving tool library
2025-03-19 12:55:42,201 - GTools.FileStorage - DEBUG - Tool library saved to: C:\Users\gmorin\.nuke\GTools_p3\tool_library.json
2025-03-19 12:55:42,203 - GTools.Tool - DEBUG - Created Tool: Red Constant (ID: 130e1a75-5436-4f36-b7b7-525476f971c0, module: src.functions.channel_utils, function: red_constant)
2025-03-19 12:55:42,204 - GTools.ToolLibrary - INFO - Adding tool to library: Red Constant (ID: 130e1a75-5436-4f36-b7b7-525476f971c0)
2025-03-19 12:55:42,205 - GTools.FileStorage - DEBUG - Saving tool library
2025-03-19 12:55:42,207 - GTools.FileStorage - DEBUG - Tool library saved to: C:\Users\gmorin\.nuke\GTools_p3\tool_library.json
2025-03-19 12:55:42,208 - GTools.ToolLibrary - INFO - Adding tool 130e1a75-5436-4f36-b7b7-525476f971c0 to toolset 9f25d7c6-c7a3-4aa7-8637-101d842c7a40
2025-03-19 12:55:42,209 - GTools.ToolLibrary - INFO - Added tool 130e1a75-5436-4f36-b7b7-525476f971c0 to toolset Node
2025-03-19 12:55:42,210 - GTools.FileStorage - DEBUG - Saving tool library
2025-03-19 12:55:42,212 - GTools.FileStorage - DEBUG - Tool library saved to: C:\Users\gmorin\.nuke\GTools_p3\tool_library.json
2025-03-19 12:55:42,213 - GTools.Tool - DEBUG - Created Tool: Green Constant (ID: 4b481f76-013b-46af-a81b-204539cba4be, module: src.functions.channel_utils, function: green_constant)
2025-03-19 12:55:42,214 - GTools.ToolLibrary - INFO - Adding tool to library: Green Constant (ID: 4b481f76-013b-46af-a81b-204539cba4be)
2025-03-19 12:55:42,215 - GTools.FileStorage - DEBUG - Saving tool library
2025-03-19 12:55:42,217 - GTools.FileStorage - DEBUG - Tool library saved to: C:\Users\gmorin\.nuke\GTools_p3\tool_library.json
2025-03-19 12:55:42,219 - GTools.ToolLibrary - INFO - Adding tool 4b481f76-013b-46af-a81b-204539cba4be to toolset 9f25d7c6-c7a3-4aa7-8637-101d842c7a40
2025-03-19 12:55:42,220 - GTools.ToolLibrary - INFO - Added tool 4b481f76-013b-46af-a81b-204539cba4be to toolset Node
2025-03-19 12:55:42,221 - GTools.FileStorage - DEBUG - Saving tool library
2025-03-19 12:55:42,223 - GTools.FileStorage - DEBUG - Tool library saved to: C:\Users\gmorin\.nuke\GTools_p3\tool_library.json
2025-03-19 12:55:42,224 - GTools.Tool - DEBUG - Created Tool: Blue Constant (ID: 7cf0705a-3d87-494a-9366-56af1c1fa41f, module: src.functions.channel_utils, function: blue_constant)
2025-03-19 12:55:42,225 - GTools.ToolLibrary - INFO - Adding tool to library: Blue Constant (ID: 7cf0705a-3d87-494a-9366-56af1c1fa41f)
2025-03-19 12:55:42,226 - GTools.FileStorage - DEBUG - Saving tool library
2025-03-19 12:55:42,229 - GTools.FileStorage - DEBUG - Tool library saved to: C:\Users\gmorin\.nuke\GTools_p3\tool_library.json
2025-03-19 12:55:42,230 - GTools.ToolLibrary - INFO - Adding tool 7cf0705a-3d87-494a-9366-56af1c1fa41f to toolset 9f25d7c6-c7a3-4aa7-8637-101d842c7a40
2025-03-19 12:55:42,231 - GTools.ToolLibrary - INFO - Added tool 7cf0705a-3d87-494a-9366-56af1c1fa41f to toolset Node
2025-03-19 12:55:42,232 - GTools.FileStorage - DEBUG - Saving tool library
2025-03-19 12:55:42,236 - GTools.FileStorage - DEBUG - Tool library saved to: C:\Users\gmorin\.nuke\GTools_p3\tool_library.json
2025-03-19 12:55:42,238 - GTools.Tool - DEBUG - Created Tool: Grey Constant (ID: 3df553dc-4762-4b65-9f57-b56d663a5210, module: src.functions.channel_utils, function: grey_constant)
2025-03-19 12:55:42,239 - GTools.ToolLibrary - INFO - Adding tool to library: Grey Constant (ID: 3df553dc-4762-4b65-9f57-b56d663a5210)
2025-03-19 12:55:42,239 - GTools.FileStorage - DEBUG - Saving tool library
2025-03-19 12:55:42,242 - GTools.FileStorage - DEBUG - Tool library saved to: C:\Users\gmorin\.nuke\GTools_p3\tool_library.json
2025-03-19 12:55:42,243 - GTools.ToolLibrary - INFO - Adding tool 3df553dc-4762-4b65-9f57-b56d663a5210 to toolset 9f25d7c6-c7a3-4aa7-8637-101d842c7a40
2025-03-19 12:55:42,244 - GTools.ToolLibrary - INFO - Added tool 3df553dc-4762-4b65-9f57-b56d663a5210 to toolset Node
2025-03-19 12:55:42,245 - GTools.FileStorage - DEBUG - Saving tool library
2025-03-19 12:55:42,247 - GTools.FileStorage - DEBUG - Tool library saved to: C:\Users\gmorin\.nuke\GTools_p3\tool_library.json
2025-03-19 12:55:42,248 - GTools.Tool - DEBUG - Created Tool: Alpha Constant (ID: f8e31356-5036-46ea-82a2-b1b967f037a8, module: src.functions.channel_utils, function: alpha_constant)
2025-03-19 12:55:42,249 - GTools.ToolLibrary - INFO - Adding tool to library: Alpha Constant (ID: f8e31356-5036-46ea-82a2-b1b967f037a8)
2025-03-19 12:55:42,252 - GTools.FileStorage - DEBUG - Saving tool library
2025-03-19 12:55:42,255 - GTools.FileStorage - DEBUG - Tool library saved to: C:\Users\gmorin\.nuke\GTools_p3\tool_library.json
2025-03-19 12:55:42,257 - GTools.ToolLibrary - INFO - Adding tool f8e31356-5036-46ea-82a2-b1b967f037a8 to toolset 9f25d7c6-c7a3-4aa7-8637-101d842c7a40
2025-03-19 12:55:42,257 - GTools.ToolLibrary - INFO - Added tool f8e31356-5036-46ea-82a2-b1b967f037a8 to toolset Node
2025-03-19 12:55:42,258 - GTools.FileStorage - DEBUG - Saving tool library
2025-03-19 12:55:42,262 - GTools.FileStorage - DEBUG - Tool library saved to: C:\Users\gmorin\.nuke\GTools_p3\tool_library.json
2025-03-19 12:55:42,263 - GTools.Tool - DEBUG - Created Tool: Checkerboard (ID: dd0acf8d-be93-4fb0-a92d-8e1db735d217, module: src.functions.channel_utils, function: create_checkerboard)
2025-03-19 12:55:42,264 - GTools.ToolLibrary - INFO - Adding tool to library: Checkerboard (ID: dd0acf8d-be93-4fb0-a92d-8e1db735d217)
2025-03-19 12:55:42,268 - GTools.FileStorage - DEBUG - Saving tool library
2025-03-19 12:55:42,270 - GTools.FileStorage - DEBUG - Tool library saved to: C:\Users\gmorin\.nuke\GTools_p3\tool_library.json
2025-03-19 12:55:42,271 - GTools.ToolLibrary - INFO - Adding tool dd0acf8d-be93-4fb0-a92d-8e1db735d217 to toolset 9f25d7c6-c7a3-4aa7-8637-101d842c7a40
2025-03-19 12:55:42,272 - GTools.ToolLibrary - INFO - Added tool dd0acf8d-be93-4fb0-a92d-8e1db735d217 to toolset Node
2025-03-19 12:55:42,273 - GTools.FileStorage - DEBUG - Saving tool library
2025-03-19 12:55:42,275 - GTools.FileStorage - DEBUG - Tool library saved to: C:\Users\gmorin\.nuke\GTools_p3\tool_library.json
2025-03-19 12:55:42,276 - GTools.Tool - DEBUG - Created Tool: Random Constant (ID: 347c7317-78da-469b-a3d2-59927266525c, module: src.functions.effects, function: random_primary_color)
2025-03-19 12:55:42,277 - GTools.ToolLibrary - INFO - Adding tool to library: Random Constant (ID: 347c7317-78da-469b-a3d2-59927266525c)
2025-03-19 12:55:42,278 - GTools.FileStorage - DEBUG - Saving tool library
2025-03-19 12:55:42,281 - GTools.FileStorage - DEBUG - Tool library saved to: C:\Users\gmorin\.nuke\GTools_p3\tool_library.json
2025-03-19 12:55:42,284 - GTools.ToolLibrary - INFO - Adding tool 347c7317-78da-469b-a3d2-59927266525c to toolset 9f25d7c6-c7a3-4aa7-8637-101d842c7a40
2025-03-19 12:55:42,285 - GTools.ToolLibrary - INFO - Added tool 347c7317-78da-469b-a3d2-59927266525c to toolset Node
2025-03-19 12:55:42,285 - GTools.FileStorage - DEBUG - Saving tool library
2025-03-19 12:55:42,288 - GTools.FileStorage - DEBUG - Tool library saved to: C:\Users\gmorin\.nuke\GTools_p3\tool_library.json
2025-03-19 12:55:42,289 - GTools.ToolLibrary - INFO - Successfully added 13 default tools
2025-03-19 12:55:42,295 - GTools.ToolLibrary - DEBUG - Retrieving toolsets. Total count: 3
2025-03-19 12:55:42,296 - GTools.ToolLibrary - DEBUG - Toolset ID: f7dfab93-c1e1-4e19-b481-66cd03a1c7ae
2025-03-19 12:55:42,299 - GTools.ToolLibrary - DEBUG - Toolset Name: Default
2025-03-19 12:55:42,301 - GTools.ToolLibrary - DEBUG - Tools in toolset: ['8d5092b2-9127-4b16-9531-040f25299f1f', 'd869f701-0a60-40c1-b02b-3a48e5b2688f', 'a817bd25-bea1-4463-add9-a77caed5a243', 'e9df55e4-0de3-4bcf-8aa1-f84b984412e2', '79eb38ae-7436-4881-82af-0a9c211d8b30']
2025-03-19 12:55:42,302 - GTools.ToolLibrary - DEBUG - Toolset ID: ca221c02-15bd-4ee6-95cc-d08364baa3d3
2025-03-19 12:55:42,303 - GTools.ToolLibrary - DEBUG - Toolset Name: File
2025-03-19 12:55:42,303 - GTools.ToolLibrary - DEBUG - Tools in toolset: ['b498a2f2-415d-4ca8-999e-e0ba2ae3c8ae']
2025-03-19 12:55:42,304 - GTools.ToolLibrary - DEBUG - Toolset ID: 9f25d7c6-c7a3-4aa7-8637-101d842c7a40
2025-03-19 12:55:42,305 - GTools.ToolLibrary - DEBUG - Toolset Name: Node
2025-03-19 12:55:42,306 - GTools.ToolLibrary - DEBUG - Tools in toolset: ['130e1a75-5436-4f36-b7b7-525476f971c0', '4b481f76-013b-46af-a81b-204539cba4be', '7cf0705a-3d87-494a-9366-56af1c1fa41f', '3df553dc-4762-4b65-9f57-b56d663a5210', 'f8e31356-5036-46ea-82a2-b1b967f037a8', 'dd0acf8d-be93-4fb0-a92d-8e1db735d217', '347c7317-78da-469b-a3d2-59927266525c']
